A command line tool to invoke SORACOM API

Usage:
  soracom [command]

Available Commands:
  audit-logs           監査ログを取得します。
  auth                 API アクセスの認証を行い、API キーと API トークンを発行する
  bills                課金に関する情報を確認したりファイルへのエクスポートを行います。
  cell-locations       基地局の位置情報を取得します。
  completion           bash もしくは zsh 用の補完 (completion) スクリプトを生成します。
  configure            コマンド実行環境 (プロファイル) の設定や表示を行います。
  configure-sandbox    API Sandbox 用のコマンド実行環境 (プロファイル) の設定を行います。
  coupons              登録済みクーポンを確認したりアカウントへのクーポン登録を行います。
  credentials          認証情報に関する操作を行います。
  data                 SIM からアップロードされて格納されているデータを取得します。
  devices              デバイスに関する操作を行います。
  diagnostics          診断を行ってその結果を取得します。
  emails               メールアドレスに関する操作を行います。
  event-handlers       イベントハンドラーに関する操作を行います。
  files                Harvest Files のファイルを管理します。
  gadgets              ガジェットに関する操作を行います。
  groups               グループに関する操作を行います。
  help                 Help about any command
  lagoon               Lagoon に関する操作を行います。
  logout               SORACOM API にアクセスするための API キーと API トークンを無効化する
  logs                 ログに関する操作を行います。
  lora-devices         LoRa device に関する操作を行います。
  lora-gateways        LoRa gateway に関する操作を行います。
  lora-network-sets    LoRa network set に関する操作を行います。
  operator             オペレーターに関する操作を行います。
  orders               商品の注文に関する操作を行います。
  payer-information    課金明細に出力する支払い者情報を取得または設定します。
  payment-history      お支払い履歴を取得します。
  payment-methods      お支払い方法に関する操作を行います。
  payment-statements   課金明細の一覧取得または出力を行います。
  port-mappings        オンデマンドリモートアクセスのためのポートマッピング設定を管理します。
  products             商品一覧を取得します。
  query                リソース (サブスクライバー、Sigfox デバイス) をいろいろな条件で検索します。
  resource-summaries   リソースの要約を取得します。
  roles                ロールに関する操作を行います。
  sandbox              API サンドボックスに関する操作を行います。
  self-update          soracom-cli を最新のバージョンに更新します。
  shipping-addresses   出荷先情報に関する操作を行います。
  sigfox-devices       Sigfox デバイスに関する操作を行います。
  sim-profile-orders   eSIM プロファイルの注文に関する操作を行います。
  sims                 SIM に関する操作を行います。
  sora-cam             Soracom Cloud Camera Services (ソラカメ) に関する操作を行います。
  soralets             Orbit の Soralet に関する操作を行います。
  stats                統計情報 (利用量履歴) に関する操作をする
  subscribers          サブスクライバー (SIM) に関する操作を行います。
  system-notifications システム通知に関する操作を行います。
  unconfigure          コマンド実行環境 (プロファイル) を削除します。
  users                SAM ユーザーに関する操作を行います。
  version              バージョン情報を表示します。
  volume-discounts     ボリュームディスカウント (長期利用割引) に関する操作を行います。
  vpg                  VPG に関する操作を行います。

Flags:
      --api-key string           API キーを指定します。
                                 API キーを指定しなければ soracom-cli が代わりに認証処理を実行して API キーを取得します。
                                 もし API キーを既に持っている場合はこの引数に指定することで認証処理をスキップできるので高速化できます。
                                 --api-token も同時に指定してください。

      --api-token string         API トークンを指定します。
                                 API トークンを指定しなければ soracom-cli が代わりに認証処理を実行して API トークンを取得します。
                                 もし API トークンを既に持っている場合はこの引数に指定することで認証処理をスキップできるので高速化できます。
                                 --api-key も同時に指定してください。

      --auth-key string          認証処理に利用する認証キーシークレット (AuthKey) を指定します。
                                 --auth-key-id と --auth-key の両方を指定すると、soracom-cli は事前にセットアップされたプロファイル情報なしでも動作します。
                                 すなわち事前に 'soracom configure' コマンドを実行しておく必要がなくなりますので、一時的にコマンドを実行したいだけの場合やスクリプトからの実行などに適しています。
                                 このオプションを指定した場合は合わせて --coverage-type も指定してください。

      --auth-key-id string       認証処理に利用する認証キー ID (AuthKeyId) を指定します。
                                 --auth-key-id と --auth-key の両方を指定すると、soracom-cli は事前にセットアップされたプロファイル情報なしでも動作します。
                                 すなわち事前に 'soracom configure' コマンドを実行しておく必要がなくなりますので、一時的にコマンドを実行したい場合やスクリプトからの実行などに適しています。
                                 このオプションを指定した場合は合わせて --coverage-type も指定してください。

      --coverage-type string     カバレッジタイプを指定します。グローバルカバレッジは 'g'、日本カバレッジは 'jp' です。

  -h, --help                     help for soracom
      --no-retry-on-error        このフラグを指定すると、API がエラーを返してきた場合にもリトライしません (デフォルトではバックオフしながら数回リトライします)。

      --profile string           プロファイル名を指定します。

      --profile-command string   プロファイル情報を供給するためのコマンドを指定します。
                                 このオプションを指定すると、soracom-cli は事前にセットアップされたプロファイル情報なしでも動作します。
                                 すなわち事前に 'soracom configure' コマンドを実行しておく必要がなくなります。
                                 認証情報をパスワードマネージャーなどのより安全な場所に格納しておき、外部コマンド経由でそれを利用することができます。

      --raw-output               API から返却されたレスポンスを加工せずにそのまま出力します (デフォルトでは JSON をインデントして表示します)。

Use "soracom [command] --help" for more information about a command.
